........................................................................ [  2%]
........................................................................ [  4%]
........................................................................ [  6%]
........................................................................ [  8%]
........................................................................ [ 10%]
........................................................................ [ 12%]
........................................................................ [ 15%]
........................................................................ [ 17%]
........................................................................ [ 19%]
...x....s............................................................... [ 21%]
........................................................................ [ 23%]
........................................................................ [ 25%]
........................................................................ [ 28%]
........................................................................ [ 30%]
........................................................................ [ 32%]
........................................................................ [ 34%]
........................................................................ [ 36%]
........................................................................ [ 38%]
........................................................................ [ 41%]
........................................................................ [ 43%]
........................................................................ [ 45%]
........................................................................ [ 47%]
........................................................................ [ 49%]
........................................................................ [ 51%]
........................................................................ [ 54%]
........................................................................ [ 56%]
........................................................................ [ 58%]
........................................................................ [ 60%]
........................................................................ [ 62%]
........................................................................ [ 64%]
........................................................................ [ 67%]
........................................................................ [ 69%]
........................................................................ [ 71%]
........................................................................ [ 73%]
........................................................................ [ 75%]
........................................................................ [ 77%]
........................................................................ [ 80%]
.....................................ss................................. [ 82%]
..............sssss..................................................... [ 84%]
........................................................................ [ 86%]
........................................................................ [ 88%]
........................................................................ [ 90%]
........................................................................ [ 93%]
........................................................................ [ 95%]
........................................................................ [ 97%]
........................................................................ [ 99%]
............                                                             [100%]
=============================== warnings summary ===============================
tests/harness/test_check_patterns.py: 150 warnings
  /opt/homebrew/Cellar/python@3.13/3.13.13/Frameworks/Python.framework/Versions/3.13/lib/python3.13/multiprocessing/popen_fork.py:67: DeprecationWarning: This process (pid=21309) is multi-threaded, use of fork() may lead to deadlocks in the child.
    self.pid = os.fork()

tests/harness/test_container_sandbox.py: 9 warnings
tests/harness/test_cycle_and_halt.py: 1 warning
tests/harness/test_evidence_loop.py: 6 warnings
tests/harness/test_gate_workspace_isolation.py: 2 warnings
tests/harness/test_gates.py: 5 warnings
tests/harness/test_llm_proposer.py: 3 warnings
tests/harness/test_prompt_proposer_wiring.py: 1 warning
tests/harness/test_proposer_spend.py: 2 warnings
tests/harness/test_prose_gate_path.py: 2 warnings
tests/harness/test_sandbox.py: 18 warnings
tests/harness/test_service_parity.py: 1 warning
tests/harness/test_structural_acceptance.py: 16 warnings
  /Users/raptor/aef-core/aef/harness/sandbox.py:209: DeprecationWarning: This process (pid=21309) is multi-threaded, use of fork() may lead to deadlocks in the child.
    pid = os.fork()

-- Docs: https://docs.pytest.org/en/stable/how-to/capture-warnings.html
3315 passed, 8 skipped, 1 xfailed, 216 warnings in 337.09s (0:05:37)
